bun : $ next build
At line:1 char:1
+ bun run build > 
build-output.txt 2>&1; cat 
build-output.txt
+ ~~~~~~~~~~~~~~~~~~~~~~~~~~
~~~~~~~~~~~
    + CategoryInfo          
    : NotSpecified: ($ nex  
  t build:String) [], Rem   
 oteException
    + FullyQualifiedErrorId 
    : NativeCommandError
 
Γû▓ Next.js 16.1.1 (Turbopack, Cache Components)
- Environments: .env

  Creating an optimized production build ...

> Build error occurred
Error: Turbopack build 
failed with 2 errors:
./app/(auth)/login/page.tsx:
6:14
Ecmascript file had an error
[0m [90m 4 |[39m
 [90m 5 |[39m [90m// 
Force dynamic rendering 
since we access cookies in 
requireUnAuth[39m
[31m[1m>[22m[39m[90m 6 
|[39m [36mexport[39m 
[36mconst[39m dynamic 
[33m=[39m [32m'force-dyna
mic'[39m[33m;[39m
 [90m   |[39m             
 [31m[1m^[22m[39m[31m[
1m^[22m[39m[31m[1m^[22m
[39m[31m[1m^[22m[39m[3
1m[1m^[22m[39m[31m[1m^
[22m[39m[31m[1m^[22m[39
m
 [90m 7 |[39m
 [90m 8 |[39m 
[36mconst[39m 
[33mLoginPage[39m 
[33m=[39m [36masync[39m 
() [33m=>[39m {
 [90m 9 |[39m   
[36mawait[39m requireUnAut
h()[33m;[39m[0m

Route segment config 
"dynamic" is not compatible 
with `nextConfig.cacheCompon
ents`. Please remove it.


./app/page.tsx:7:14
Ecmascript file had an error
[0m [90m  5 |[39m
 [90m  6 |[39m [90m// 
Force dynamic rendering 
since we access cookies in 
requireAuth[39m
[31m[1m>[22m[39m[90m  
7 |[39m [36mexport[39m 
[36mconst[39m dynamic 
[33m=[39m [32m'force-dyna
mic'[39m[33m;[39m
 [90m    |[39m            
  [31m[1m^[22m[39m[31m
[1m^[22m[39m[31m[1m^[22
m[39m[31m[1m^[22m[39m[
31m[1m^[22m[39m[31m[1m^
[22m[39m[31m[1m^[22m[3
9m
 [90m  8 |[39m
 [90m  9 |[39m 
[36mexport[39m 
[36mdefault[39m 
[36masync[39m 
[36mfunction[39m 
[33mHome[39m() {
 [90m 10 |[39m   
[36mawait[39m 
requireAuth()[33m;[39m[0m

Route segment config 
"dynamic" is not compatible 
with `nextConfig.cacheCompon
ents`. Please remove it.


    at <unknown> (./app/(aut
h)/login/page.tsx:6:14)
    at <unknown> 
(./app/page.tsx:7:14)
error: script "build" 
exited with code 1
